test_ambiguous_local_matches_hold_human_and_do_not_modify_either_local_row (frappe_whatsapp.frappe_whatsapp.tests.test_coexistence.TestCoexistenceSql.test_ambiguous_local_matches_hold_human_and_do_not_modify_either_local_row) ... ok
test_app_id_same_but_wrong_account_or_peer_is_not_own_echo (frappe_whatsapp.frappe_whatsapp.tests.test_coexistence.TestCoexistenceSql.test_app_id_same_but_wrong_account_or_peer_is_not_own_echo) ... ok
test_callback_failure_propagates_without_helper_transaction_rollback (frappe_whatsapp.frappe_whatsapp.tests.test_coexistence.TestCoexistenceSql.test_callback_failure_propagates_without_helper_transaction_rollback) ... ok
test_cleared_in_memory_origin_cannot_resend_or_rewrite_persisted_external_row (frappe_whatsapp.frappe_whatsapp.tests.test_coexistence.TestCoexistenceSql.test_cleared_in_memory_origin_cannot_resend_or_rewrite_persisted_external_row) ... ok
test_deterministic_name_collision_does_not_overwrite_unrelated_row (frappe_whatsapp.frappe_whatsapp.tests.test_coexistence.TestCoexistenceSql.test_deterministic_name_collision_does_not_overwrite_unrelated_row) ... ok
test_duplicate_projection_uses_savepoint_and_preserves_prior_caller_work (frappe_whatsapp.frappe_whatsapp.tests.test_coexistence.TestCoexistenceSql.test_duplicate_projection_uses_savepoint_and_preserves_prior_caller_work) ... ok
test_exact_local_cloud_echo_is_correlated_without_duplicate_or_human_hold (frappe_whatsapp.frappe_whatsapp.tests.test_coexistence.TestCoexistenceSql.test_exact_local_cloud_echo_is_correlated_without_duplicate_or_human_hold) ... ok
test_forged_public_marker_and_private_seam_token_are_rejected (frappe_whatsapp.frappe_whatsapp.tests.test_coexistence.TestCoexistenceSql.test_forged_public_marker_and_private_seam_token_are_rejected) ... ok
test_forged_scoped_body_or_receipt_identity_cannot_project (frappe_whatsapp.frappe_whatsapp.tests.test_coexistence.TestCoexistenceSql.test_forged_scoped_body_or_receipt_identity_cannot_project) ... ok
test_guest_projection_preserves_text_and_holds_bot_without_transport_or_identity_merges (frappe_whatsapp.frappe_whatsapp.tests.test_coexistence.TestCoexistenceSql.test_guest_projection_preserves_text_and_holds_bot_without_transport_or_identity_merges) ... ok
test_history_and_state_sync_are_retained_without_projection_or_control (frappe_whatsapp.frappe_whatsapp.tests.test_coexistence.TestCoexistenceSql.test_history_and_state_sync_are_retained_without_projection_or_control) ... ok
test_media_metadata_is_stored_without_fetch_or_full_receipt_duplication (frappe_whatsapp.frappe_whatsapp.tests.test_coexistence.TestCoexistenceSql.test_media_metadata_is_stored_without_fetch_or_full_receipt_duplication) ... ok
test_missing_crm_app_is_detected_before_any_control_schema_query (frappe_whatsapp.frappe_whatsapp.tests.test_coexistence.TestCoexistenceSql.test_missing_crm_app_is_detected_before_any_control_schema_query) ... ok
test_missing_crm_preserves_projection_and_reports_unapplied_control (frappe_whatsapp.frappe_whatsapp.tests.test_coexistence.TestCoexistenceSql.test_missing_crm_preserves_projection_and_reports_unapplied_control) ... ok
test_replay_preserves_one_projection_and_one_control_generation (frappe_whatsapp.frappe_whatsapp.tests.test_coexistence.TestCoexistenceSql.test_replay_preserves_one_projection_and_one_control_generation) ... ok
test_retry_flag_does_not_skip_first_conservative_hold (frappe_whatsapp.frappe_whatsapp.tests.test_coexistence.TestCoexistenceSql.test_retry_flag_does_not_skip_first_conservative_hold) ... ok
test_unknown_echo_type_is_retained_unsupported_but_cannot_leave_bot_enabled (frappe_whatsapp.frappe_whatsapp.tests.test_coexistence.TestCoexistenceSql.test_unknown_echo_type_is_retained_unsupported_but_cannot_leave_bot_enabled) ... ok
test_unmigrated_crm_control_schema_is_explicitly_unavailable (frappe_whatsapp.frappe_whatsapp.tests.test_coexistence.TestCoexistenceSql.test_unmigrated_crm_control_schema_is_explicitly_unavailable) ... ok
test_bounded_required_fields_reject_invalid_types (frappe_whatsapp.frappe_whatsapp.tests.test_coexistence.TestEchoAtomization.test_bounded_required_fields_reject_invalid_types) ... ok
test_bsp_history_envelope_not_accepted_as_meta (frappe_whatsapp.frappe_whatsapp.tests.test_coexistence.TestEchoAtomization.test_bsp_history_envelope_not_accepted_as_meta) ... ok
test_business_from_must_match_exact_scoped_metadata_without_phone_merging (frappe_whatsapp.frappe_whatsapp.tests.test_coexistence.TestEchoAtomization.test_business_from_must_match_exact_scoped_metadata_without_phone_merging) ... ok
test_echo_array_on_wrong_field_or_mixed_value_is_rejected (frappe_whatsapp.frappe_whatsapp.tests.test_coexistence.TestEchoAtomization.test_echo_array_on_wrong_field_or_mixed_value_is_rejected) ... ok
test_echo_collection_must_be_nonempty_bounded_list_of_objects (frappe_whatsapp.frappe_whatsapp.tests.test_coexistence.TestEchoAtomization.test_echo_collection_must_be_nonempty_bounded_list_of_objects) ... ok
test_every_echo_atom_has_exact_account_app_peer_and_original_body (frappe_whatsapp.frappe_whatsapp.tests.test_coexistence.TestEchoAtomization.test_every_echo_atom_has_exact_account_app_peer_and_original_body) ... ok
test_foreign_phone_or_waba_rejected_before_echo_ingest (frappe_whatsapp.frappe_whatsapp.tests.test_coexistence.TestEchoAtomization.test_foreign_phone_or_waba_rejected_before_echo_ingest) ... ok
test_invalid_later_change_prevents_earlier_normal_message_write (frappe_whatsapp.frappe_whatsapp.tests.test_coexistence.TestEchoAtomization.test_invalid_later_change_prevents_earlier_normal_message_write) ... ok
test_invalid_sibling_prevents_any_signed_batch_receipt_write (frappe_whatsapp.frappe_whatsapp.tests.test_coexistence.TestEchoAtomization.test_invalid_sibling_prevents_any_signed_batch_receipt_write) ... ok
test_media_requires_id_and_bounded_metadata_without_fetching (frappe_whatsapp.frappe_whatsapp.tests.test_coexistence.TestEchoAtomization.test_media_requires_id_and_bounded_metadata_without_fetching) ... ok
test_mixed_valid_changes_are_all_passed_to_durable_store (frappe_whatsapp.frappe_whatsapp.tests.test_coexistence.TestEchoAtomization.test_mixed_valid_changes_are_all_passed_to_durable_store) ... ok
test_reorder_and_split_preserve_atom_identity (frappe_whatsapp.frappe_whatsapp.tests.test_coexistence.TestEchoAtomization.test_reorder_and_split_preserve_atom_identity) ... ok
test_reordered_text_does_not_change_source_identity (frappe_whatsapp.frappe_whatsapp.tests.test_coexistence.TestEchoAtomization.test_reordered_text_does_not_change_source_identity) ... ok
test_same_message_id_other_account_or_peer_has_distinct_identity (frappe_whatsapp.frappe_whatsapp.tests.test_coexistence.TestEchoAtomization.test_same_message_id_other_account_or_peer_has_distinct_identity) ... ok
test_ambiguous_app_secret_denied (frappe_whatsapp.frappe_whatsapp.tests.test_webhook_signature.TestSignature.test_ambiguous_app_secret_denied) ... ok
test_disabled_and_demo_accounts_denied (frappe_whatsapp.frappe_whatsapp.tests.test_webhook_signature.TestSignature.test_disabled_and_demo_accounts_denied) ... ok
test_duplicate_keys_denied (frappe_whatsapp.frappe_whatsapp.tests.test_webhook_signature.TestSignature.test_duplicate_keys_denied) ... ok
test_foreign_phone_denied (frappe_whatsapp.frappe_whatsapp.tests.test_webhook_signature.TestSignature.test_foreign_phone_denied) ... ok
test_foreign_waba_denied (frappe_whatsapp.frappe_whatsapp.tests.test_webhook_signature.TestSignature.test_foreign_waba_denied) ... ok
test_invalid_json_denied (frappe_whatsapp.frappe_whatsapp.tests.test_webhook_signature.TestSignature.test_invalid_json_denied) ... ok
test_known_different_app_denied (frappe_whatsapp.frappe_whatsapp.tests.test_webhook_signature.TestSignature.test_known_different_app_denied) ... ok
test_malformed_envelopes_denied (frappe_whatsapp.frappe_whatsapp.tests.test_webhook_signature.TestSignature.test_malformed_envelopes_denied) ... ok
test_malformed_signatures_rejected (frappe_whatsapp.frappe_whatsapp.tests.test_webhook_signature.TestSignature.test_malformed_signatures_rejected) ... ok
test_message_status_requires_phone (frappe_whatsapp.frappe_whatsapp.tests.test_webhook_signature.TestSignature.test_message_status_requires_phone) ... ok
test_missing_app_id_denied (frappe_whatsapp.frappe_whatsapp.tests.test_webhook_signature.TestSignature.test_missing_app_id_denied) ... ok
test_missing_secret_fails_closed (frappe_whatsapp.frappe_whatsapp.tests.test_webhook_signature.TestSignature.test_missing_secret_fails_closed) ... ok
test_missing_signature_rejected (frappe_whatsapp.frappe_whatsapp.tests.test_webhook_signature.TestSignature.test_missing_signature_rejected) ... ok
test_multiple_phones_same_app_all_changes_retained (frappe_whatsapp.frappe_whatsapp.tests.test_webhook_signature.TestSignature.test_multiple_phones_same_app_all_changes_retained) ... ok
test_no_accounts_fails_closed (frappe_whatsapp.frappe_whatsapp.tests.test_webhook_signature.TestSignature.test_no_accounts_fails_closed) ... ok
test_no_http_request_is_not_authorization (frappe_whatsapp.frappe_whatsapp.tests.test_webhook_signature.TestSignature.test_no_http_request_is_not_authorization) ... ok
test_oversized_body_denied (frappe_whatsapp.frappe_whatsapp.tests.test_webhook_signature.TestSignature.test_oversized_body_denied) ... ok
test_phone_must_be_unique_in_app_waba (frappe_whatsapp.frappe_whatsapp.tests.test_webhook_signature.TestSignature.test_phone_must_be_unique_in_app_waba) ... ok
test_raw_body_is_only_payload_consumed (frappe_whatsapp.frappe_whatsapp.tests.test_webhook_signature.TestSignature.test_raw_body_is_only_payload_consumed) ... ok
test_scoped_status_queries (frappe_whatsapp.frappe_whatsapp.tests.test_webhook_signature.TestSignature.test_scoped_status_queries) ... ok
test_tampered_raw_body_rejected (frappe_whatsapp.frappe_whatsapp.tests.test_webhook_signature.TestSignature.test_tampered_raw_body_rejected) ... ok
test_template_query_is_scoped (frappe_whatsapp.frappe_whatsapp.tests.test_webhook_signature.TestSignature.test_template_query_is_scoped) ... ok
test_template_scope_is_waba_and_app (frappe_whatsapp.frappe_whatsapp.tests.test_webhook_signature.TestSignature.test_template_scope_is_waba_and_app) ... ok
test_unconfigured_waba_denied_even_if_payload_says_none (frappe_whatsapp.frappe_whatsapp.tests.test_webhook_signature.TestSignature.test_unconfigured_waba_denied_even_if_payload_says_none) ... ok
test_valid_first_foreign_later_produces_no_writes (frappe_whatsapp.frappe_whatsapp.tests.test_webhook_signature.TestSignature.test_valid_first_foreign_later_produces_no_writes) ... ok
test_valid_raw_signature_routes_exact_account (frappe_whatsapp.frappe_whatsapp.tests.test_webhook_signature.TestSignature.test_valid_raw_signature_routes_exact_account) ... ok
test_wrong_secret_rejected (frappe_whatsapp.frappe_whatsapp.tests.test_webhook_signature.TestSignature.test_wrong_secret_rejected) ... ok
test_account_app_and_provider_namespaces_are_distinct (frappe_whatsapp.frappe_whatsapp.tests.test_webhook_receipts.TestWebhookReceipts.test_account_app_and_provider_namespaces_are_distinct) ... ok
test_all_message_and_status_atoms_are_retained (frappe_whatsapp.frappe_whatsapp.tests.test_webhook_receipts.TestWebhookReceipts.test_all_message_and_status_atoms_are_retained) ... ok
test_duplicate_preserves_earlier_caller_work (frappe_whatsapp.frappe_whatsapp.tests.test_webhook_receipts.TestWebhookReceipts.test_duplicate_preserves_earlier_caller_work) ... ok
test_enqueue_failure_retains_pending (frappe_whatsapp.frappe_whatsapp.tests.test_webhook_receipts.TestWebhookReceipts.test_enqueue_failure_retains_pending) ... ok
test_generic_update_cannot_rewrite_receipt (frappe_whatsapp.frappe_whatsapp.tests.test_webhook_receipts.TestWebhookReceipts.test_generic_update_cannot_rewrite_receipt) ... ok
test_guest_and_sales_roles_cannot_read_receipt (frappe_whatsapp.frappe_whatsapp.tests.test_webhook_receipts.TestWebhookReceipts.test_guest_and_sales_roles_cannot_read_receipt) ... ok
test_invalid_later_event_does_not_insert_earlier (frappe_whatsapp.frappe_whatsapp.tests.test_webhook_receipts.TestWebhookReceipts.test_invalid_later_event_does_not_insert_earlier) ... ok
test_record_never_commits_and_does_not_enqueue_before_commit (frappe_whatsapp.frappe_whatsapp.tests.test_webhook_receipts.TestWebhookReceipts.test_record_never_commits_and_does_not_enqueue_before_commit) ... ok
test_reordered_batch_converges (frappe_whatsapp.frappe_whatsapp.tests.test_webhook_receipts.TestWebhookReceipts.test_reordered_batch_converges) ... ok
test_replay_preserves_original_evidence (frappe_whatsapp.frappe_whatsapp.tests.test_webhook_receipts.TestWebhookReceipts.test_replay_preserves_original_evidence) ... ok
test_schema_unavailable_never_falls_back_to_volatile_ingest (frappe_whatsapp.frappe_whatsapp.tests.test_webhook_receipts.TestWebhookReceipts.test_schema_unavailable_never_falls_back_to_volatile_ingest) ... ok
test_worker_accepts_frappe_unbound_request_proxy (frappe_whatsapp.frappe_whatsapp.tests.test_webhook_receipts.TestWebhookReceipts.test_worker_accepts_frappe_unbound_request_proxy) ... ok
test_worker_refuses_http_transaction_context (frappe_whatsapp.frappe_whatsapp.tests.test_webhook_receipts.TestWebhookReceipts.test_worker_refuses_http_transaction_context) ... ok
test_demo_generic_get_has_media_keys (frappe_whatsapp.frappe_whatsapp.tests.test_transport.TestDemoModeSuppressesEgress.test_demo_generic_get_has_media_keys)
utils.webhook reads media_data["url"] unconditionally. ... ok
test_demo_message_response_is_meta_shaped (frappe_whatsapp.frappe_whatsapp.tests.test_transport.TestDemoModeSuppressesEgress.test_demo_message_response_is_meta_shaped) ... ok
test_demo_never_performs_http (frappe_whatsapp.frappe_whatsapp.tests.test_transport.TestDemoModeSuppressesEgress.test_demo_never_performs_http)
The whole point. If either of these is called, a prospect's phone ... ok
test_demo_raw_duck_types_response (frappe_whatsapp.frappe_whatsapp.tests.test_transport.TestDemoModeSuppressesEgress.test_demo_raw_duck_types_response)
Call sites converted from requests.* use these four members. ... ok
test_demo_template_create_is_approved (frappe_whatsapp.frappe_whatsapp.tests.test_transport.TestDemoModeSuppressesEgress.test_demo_template_create_is_approved)
A demo tenant must end up with usable templates: taller's ... ok
test_no_direct_meta_egress_outside_transport (frappe_whatsapp.frappe_whatsapp.tests.test_transport.TestEgressInvariant.test_no_direct_meta_egress_outside_transport) ... ok
test_default_mode_is_live (frappe_whatsapp.frappe_whatsapp.tests.test_transport.TestLiveMode.test_default_mode_is_live)
Existing accounts predate the field. Defaulting to Demo would ... ok
test_live_still_calls_through (frappe_whatsapp.frappe_whatsapp.tests.test_transport.TestLiveMode.test_live_still_calls_through) ... ok
test_live_without_token_fails_closed (frappe_whatsapp.frappe_whatsapp.tests.test_transport.TestLiveMode.test_live_without_token_fails_closed)
Previously this fired the request and returned an opaque Meta 401. ... ok
test_receipt_and_replay_cannot_submit_or_mutate (frappe_whatsapp.frappe_whatsapp.tests.test_transport.TestReceiptEgress.test_receipt_and_replay_cannot_submit_or_mutate) ... ok
test_receipt_may_fetch_media (frappe_whatsapp.frappe_whatsapp.tests.test_transport.TestReceiptEgress.test_receipt_may_fetch_media) ... ok
test_conversation_rejects_bad_script (frappe_whatsapp.frappe_whatsapp.tests.test_demo_inbound.TestDemoInbound.test_conversation_rejects_bad_script) ... ok
test_conversation_script_creates_both_directions (frappe_whatsapp.frappe_whatsapp.tests.test_demo_inbound.TestDemoInbound.test_conversation_script_creates_both_directions) ... ok
test_conversation_script_is_capped (frappe_whatsapp.frappe_whatsapp.tests.test_demo_inbound.TestDemoInbound.test_conversation_script_is_capped) ... ok
test_delivery_status_refuses_another_account (frappe_whatsapp.frappe_whatsapp.tests.test_demo_inbound.TestDemoInbound.test_delivery_status_refuses_another_account)
The Demo guard alone was NOT enough here: a status envelope carries no ... ok
test_delivery_status_rejects_unknown_status (frappe_whatsapp.frappe_whatsapp.tests.test_demo_inbound.TestDemoInbound.test_delivery_status_rejects_unknown_status) ... ok
test_form_dict_is_restored (frappe_whatsapp.frappe_whatsapp.tests.test_demo_inbound.TestDemoInbound.test_form_dict_is_restored)
_dispatch swaps frappe.local.form_dict; the rest of the request ... ok
test_form_dict_restored_even_when_handler_raises (frappe_whatsapp.frappe_whatsapp.tests.test_demo_inbound.TestDemoInbound.test_form_dict_restored_even_when_handler_raises) ... ok
test_inbound_is_marked_demo (frappe_whatsapp.frappe_whatsapp.tests.test_demo_inbound.TestDemoInbound.test_inbound_is_marked_demo)
Inbound was the gap: the old stamp lived in notify(), which only ... ok
test_inbound_text_creates_incoming_message_on_right_account (frappe_whatsapp.frappe_whatsapp.tests.test_demo_inbound.TestDemoInbound.test_inbound_text_creates_incoming_message_on_right_account) ... ok
test_refuses_on_live_account (frappe_whatsapp.frappe_whatsapp.tests.test_demo_inbound.TestDemoInbound.test_refuses_on_live_account)
The whole reason this module can be shipped at all. ... ok
test_refuses_unknown_account (frappe_whatsapp.frappe_whatsapp.tests.test_demo_inbound.TestDemoInbound.test_refuses_unknown_account) ... ok
test_rejects_account_without_phone_id (frappe_whatsapp.frappe_whatsapp.tests.test_demo_inbound.TestDemoInbound.test_rejects_account_without_phone_id)
Without a phone_id the webhook drops the message but the caller still ... ok
test_rejects_empty_body (frappe_whatsapp.frappe_whatsapp.tests.test_demo_inbound.TestDemoInbound.test_rejects_empty_body) ... ok
test_requires_system_manager (frappe_whatsapp.frappe_whatsapp.tests.test_demo_inbound.TestDemoInbound.test_requires_system_manager)
Every entry point was a bare @frappe.whitelist(), so any authenticated ... ok
test_simulation_never_touches_meta (frappe_whatsapp.frappe_whatsapp.tests.test_demo_inbound.TestDemoInbound.test_simulation_never_touches_meta) ... ok

----------------------------------------------------------------------
Ran 98 tests in 1.114s

OK
