test_absent_public_peer_keeps_fence_without_creating_or_committing (crm.tests.test_outbox_legacy.TestLegacyGuardSql.test_absent_public_peer_keeps_fence_without_creating_or_committing) ... ok
test_any_control_state_denies_legacy_even_to_current_owner (crm.tests.test_outbox_legacy.TestLegacyGuardSql.test_any_control_state_denies_legacy_even_to_current_owner) ... ok
test_current_read_conflict_is_static_and_does_not_rollback_caller (crm.tests.test_outbox_legacy.TestLegacyGuardSql.test_current_read_conflict_is_static_and_does_not_rollback_caller) ... ok
test_exact_other_account_and_peer_do_not_borrow_control (crm.tests.test_outbox_legacy.TestLegacyGuardSql.test_exact_other_account_and_peer_do_not_borrow_control) ... ok
test_flags_roles_and_forged_context_do_not_grant_authority (crm.tests.test_outbox_legacy.TestLegacyGuardSql.test_flags_roles_and_forged_context_do_not_grant_authority) ... ok
test_http_failure_does_not_mask_exception_or_rollback_prior_writes (crm.tests.test_outbox_legacy.TestLegacyGuardSql.test_http_failure_does_not_mask_exception_or_rollback_prior_writes) ... ok
test_missing_schema_and_current_read_error_are_static_holds (crm.tests.test_outbox_legacy.TestLegacyGuardSql.test_missing_schema_and_current_read_error_are_static_holds) ... ok
test_private_registration_is_not_an_exemption_for_existing_control (crm.tests.test_outbox_legacy.TestLegacyGuardSql.test_private_registration_is_not_an_exemption_for_existing_control) ... ok
test_private_registration_without_customer_row_preserves_staff_route (crm.tests.test_outbox_legacy.TestLegacyGuardSql.test_private_registration_without_customer_row_preserves_staff_route) ... ok
test_real_dispatch_capability_checks_exact_body_and_is_revoked_afterward (crm.tests.test_outbox_legacy.TestLegacyGuardSql.test_real_dispatch_capability_checks_exact_body_and_is_revoked_afterward) ... ok
test_tampered_row_scope_holds_without_remapping_identity (crm.tests.test_outbox_legacy.TestLegacyGuardSql.test_tampered_row_scope_holds_without_remapping_identity) ... ok
test_admin_media_upload_and_get_keep_existing_transport_paths (frappe_whatsapp.frappe_whatsapp.tests.test_legacy_outbox.TestLegacyTransport.test_admin_media_upload_and_get_keep_existing_transport_paths) ... ok
test_api_raw_and_post_use_frozen_bounded_physical_http_not_old_helpers (frappe_whatsapp.frappe_whatsapp.tests.test_legacy_outbox.TestLegacyTransport.test_api_raw_and_post_use_frozen_bounded_physical_http_not_old_helpers) ... ok
test_current_read_conflict_code_survives_adapter_without_http (frappe_whatsapp.frappe_whatsapp.tests.test_legacy_outbox.TestLegacyTransport.test_current_read_conflict_code_survives_adapter_without_http) ... ok
test_demo_stays_no_effect_and_does_not_invent_live_native_acceptance (frappe_whatsapp.frappe_whatsapp.tests.test_legacy_outbox.TestLegacyTransport.test_demo_stays_no_effect_and_does_not_invent_live_native_acceptance) ... ok
test_duplicate_keys_multibody_form_and_batch_overrides_are_rejected (frappe_whatsapp.frappe_whatsapp.tests.test_legacy_outbox.TestLegacyTransport.test_duplicate_keys_multibody_form_and_batch_overrides_are_rejected) ... ok
test_explicit_graph_4xx_exposes_static_failure_only (frappe_whatsapp.frappe_whatsapp.tests.test_legacy_outbox.TestLegacyTransport.test_explicit_graph_4xx_exposes_static_failure_only) ... ok
test_installed_but_broken_crm_cannot_silently_fall_through (frappe_whatsapp.frappe_whatsapp.tests.test_legacy_outbox.TestLegacyTransport.test_installed_but_broken_crm_cannot_silently_fall_through) ... ok
test_invalid_and_multiple_recipients_cannot_choose_a_different_scope (frappe_whatsapp.frappe_whatsapp.tests.test_legacy_outbox.TestLegacyTransport.test_invalid_and_multiple_recipients_cannot_choose_a_different_scope) ... ok
test_method_override_headers_hold_before_http (frappe_whatsapp.frappe_whatsapp.tests.test_legacy_outbox.TestLegacyTransport.test_method_override_headers_hold_before_http) ... ok
test_optional_crm_absent_still_validates_current_account_without_creating (frappe_whatsapp.frappe_whatsapp.tests.test_legacy_outbox.TestLegacyTransport.test_optional_crm_absent_still_validates_current_account_without_creating) ... ok
test_raw_json_is_frozen_and_redirect_timeout_overrides_cannot_relax_bounds (frappe_whatsapp.frappe_whatsapp.tests.test_legacy_outbox.TestLegacyTransport.test_raw_json_is_frozen_and_redirect_timeout_overrides_cannot_relax_bounds) ... ok
test_read_and_presence_actions_are_honestly_held_without_recipient_guess (frappe_whatsapp.frappe_whatsapp.tests.test_legacy_outbox.TestLegacyTransport.test_read_and_presence_actions_are_honestly_held_without_recipient_guess) ... ok
test_redirect_timeout_oversize_malformed_wrong_recipient_are_safe_unknown (frappe_whatsapp.frappe_whatsapp.tests.test_legacy_outbox.TestLegacyTransport.test_redirect_timeout_oversize_malformed_wrong_recipient_are_safe_unknown) ... ok
test_request_body_depth_size_cycles_and_nonfinite_numbers_hold (frappe_whatsapp.frappe_whatsapp.tests.test_legacy_outbox.TestLegacyTransport.test_request_body_depth_size_cycles_and_nonfinite_numbers_hold) ... ok
test_response_deadline_is_checked_while_streaming (frappe_whatsapp.frappe_whatsapp.tests.test_legacy_outbox.TestLegacyTransport.test_response_deadline_is_checked_while_streaming) ... ok
test_unsafe_or_ambiguous_urls_are_rejected_before_account_lookup (frappe_whatsapp.frappe_whatsapp.tests.test_legacy_outbox.TestLegacyTransport.test_unsafe_or_ambiguous_urls_are_rejected_before_account_lookup) ... ok
test_wrong_missing_duplicate_inactive_and_demo_current_accounts_hold (frappe_whatsapp.frappe_whatsapp.tests.test_legacy_outbox.TestLegacyTransport.test_wrong_missing_duplicate_inactive_and_demo_current_accounts_hold) ... ok
test_both_entry_points_and_post_deny_actual_control_before_http (frappe_whatsapp.frappe_whatsapp.tests.test_legacy_outbox.TestLegacyTransportSql.test_both_entry_points_and_post_deny_actual_control_before_http) ... ok
test_native_worker_real_gateway_and_guard_reach_one_double_under_same_fence (frappe_whatsapp.frappe_whatsapp.tests.test_legacy_outbox.TestLegacyTransportSql.test_native_worker_real_gateway_and_guard_reach_one_double_under_same_fence) ... ok
test_private_staff_and_uncontrolled_customer_use_real_guard_without_rows (frappe_whatsapp.frappe_whatsapp.tests.test_legacy_outbox.TestLegacyTransportSql.test_private_staff_and_uncontrolled_customer_use_real_guard_without_rows) ... ok

----------------------------------------------------------------------
Ran 31 tests in 0.300s

OK
