test_account_record_reassignment_cannot_hold_wrong_conversation (crm.tests.test_conversation_activity.TestConversationActivitySql.test_account_record_reassignment_cannot_hold_wrong_conversation) ... ok
test_actual_private_assistant_principal_is_excluded (crm.tests.test_conversation_activity.TestConversationActivitySql.test_actual_private_assistant_principal_is_excluded) ... ok
test_current_revoked_demo_app_and_business_scope_are_denied (crm.tests.test_conversation_activity.TestConversationActivitySql.test_current_revoked_demo_app_and_business_scope_are_denied) ... ok
test_delayed_reply_newer_than_grant_has_no_arbitrary_age_cutoff (crm.tests.test_conversation_activity.TestConversationActivitySql.test_delayed_reply_newer_than_grant_has_no_arbitrary_age_cutoff) ... ok
test_forged_context_claimed_timestamp_and_peer_are_denied (crm.tests.test_conversation_activity.TestConversationActivitySql.test_forged_context_claimed_timestamp_and_peer_are_denied) ... ok
test_fresh_or_stale_reply_never_materializes_missing_conversation (crm.tests.test_conversation_activity.TestConversationActivitySql.test_fresh_or_stale_reply_never_materializes_missing_conversation) ... ok
test_future_message_and_its_later_replay_never_become_a_new_command (crm.tests.test_conversation_activity.TestConversationActivitySql.test_future_message_and_its_later_replay_never_become_a_new_command) ... ok
test_guest_fresh_reply_holds_bot_and_invalidates_old_followup_generation (crm.tests.test_conversation_activity.TestConversationActivitySql.test_guest_fresh_reply_holds_bot_and_invalidates_old_followup_generation) ... ok
test_history_and_noncustomer_system_messages_cannot_hold_or_create (crm.tests.test_conversation_activity.TestConversationActivitySql.test_history_and_noncustomer_system_messages_cannot_hold_or_create) ... ok
test_hold_and_audit_share_outer_rollback_and_prior_request_work_survives (crm.tests.test_conversation_activity.TestConversationActivitySql.test_hold_and_audit_share_outer_rollback_and_prior_request_work_survives) ... ok
test_human_owner_paused_and_closed_are_preserved (crm.tests.test_conversation_activity.TestConversationActivitySql.test_human_owner_paused_and_closed_are_preserved) ... ok
test_nonprocessing_and_tampered_actual_receipts_are_denied (crm.tests.test_conversation_activity.TestConversationActivitySql.test_nonprocessing_and_tampered_actual_receipts_are_denied) ... ok
test_old_same_second_and_microsecond_boundary_do_not_revoke_control (crm.tests.test_conversation_activity.TestConversationActivitySql.test_old_same_second_and_microsecond_boundary_do_not_revoke_control) ... ok
test_processing_flag_without_live_claim_cannot_mutate_control (crm.tests.test_conversation_activity.TestConversationActivitySql.test_processing_flag_without_live_claim_cannot_mutate_control) ... ok
test_receipt_arrival_time_is_not_activity_time (crm.tests.test_conversation_activity.TestConversationActivitySql.test_receipt_arrival_time_is_not_activity_time) ... ok
test_replayed_reply_cannot_revoke_a_newer_bot_grant (crm.tests.test_conversation_activity.TestConversationActivitySql.test_replayed_reply_cannot_revoke_a_newer_bot_grant) ... ok
test_retry_flag_does_not_skip_first_valid_hold (crm.tests.test_conversation_activity.TestConversationActivitySql.test_retry_flag_does_not_skip_first_valid_hold) ... ok
test_current_and_frozen_account_revision_mismatch_hold_evidence (crm.tests.test_outbox_delivery.TestOutboxDeliverySql.test_current_and_frozen_account_revision_mismatch_hold_evidence) ... ok
test_delivered_then_read_uses_provider_times_and_does_not_downgrade (crm.tests.test_outbox_delivery.TestOutboxDeliverySql.test_delivered_then_read_uses_provider_times_and_does_not_downgrade) ... ok
test_duplicate_exact_native_targets_are_ambiguous_and_unchanged (crm.tests.test_outbox_delivery.TestOutboxDeliverySql.test_duplicate_exact_native_targets_are_ambiguous_and_unchanged) ... ok
test_failed_async_is_static_not_retryable_and_can_upgrade_positive_evidence (crm.tests.test_outbox_delivery.TestOutboxDeliverySql.test_failed_async_is_static_not_retryable_and_can_upgrade_positive_evidence) ... ok
test_failed_with_id_can_upgrade_directly_to_read (crm.tests.test_outbox_delivery.TestOutboxDeliverySql.test_failed_with_id_can_upgrade_directly_to_read) ... ok
test_fence_is_owned_before_intent_lock_and_transition (crm.tests.test_outbox_delivery.TestOutboxDeliverySql.test_fence_is_owned_before_intent_lock_and_transition) ... ok
test_foreign_account_or_peer_with_same_message_id_does_not_match (crm.tests.test_outbox_delivery.TestOutboxDeliverySql.test_foreign_account_or_peer_with_same_message_id_does_not_match) ... ok
test_future_millisecond_and_uninitialized_timestamps_are_rejected (crm.tests.test_outbox_delivery.TestOutboxDeliverySql.test_future_millisecond_and_uninitialized_timestamps_are_rejected) ... ok
test_http_flag_only_nonprocessing_and_tampered_receipts_are_rejected (crm.tests.test_outbox_delivery.TestOutboxDeliverySql.test_http_flag_only_nonprocessing_and_tampered_receipts_are_rejected) ... ok
test_lost_human_authority_does_not_erase_provider_delivery (crm.tests.test_outbox_delivery.TestOutboxDeliverySql.test_lost_human_authority_does_not_erase_provider_delivery) ... ok
test_mismatched_entry_or_scoped_account_cannot_grant_legacy_absence_success (crm.tests.test_outbox_delivery.TestOutboxDeliverySql.test_mismatched_entry_or_scoped_account_cannot_grant_legacy_absence_success) ... ok
test_outer_rollback_preserves_previous_work_and_reverts_delivery (crm.tests.test_outbox_delivery.TestOutboxDeliverySql.test_outer_rollback_preserves_previous_work_and_reverts_delivery) ... ok
test_pending_unknown_without_id_never_correlates_by_body_or_time (crm.tests.test_outbox_delivery.TestOutboxDeliverySql.test_pending_unknown_without_id_never_correlates_by_body_or_time) ... ok
test_processing_without_attempt_or_live_lease_is_not_worker_authority (crm.tests.test_outbox_delivery.TestOutboxDeliverySql.test_processing_without_attempt_or_live_lease_is_not_worker_authority) ... ok
test_read_before_delivered_preserves_stronger_evidence_without_inventing_time (crm.tests.test_outbox_delivery.TestOutboxDeliverySql.test_read_before_delivered_preserves_stronger_evidence_without_inventing_time) ... ok
test_real_wa_bridge_validates_and_folds_without_existing_legacy_row (crm.tests.test_outbox_delivery.TestOutboxDeliverySql.test_real_wa_bridge_validates_and_folds_without_existing_legacy_row) ... ok
test_same_status_duplicate_is_idempotent_without_new_state_log_entry (crm.tests.test_outbox_delivery.TestOutboxDeliverySql.test_same_status_duplicate_is_idempotent_without_new_state_log_entry) ... ok
test_signed_guest_receipt_updates_native_intent_without_legacy_message (crm.tests.test_outbox_delivery.TestOutboxDeliverySql.test_signed_guest_receipt_updates_native_intent_without_legacy_message) ... ok
test_caller_changed_receipt_cannot_replace_durable_atom (frappe_whatsapp.frappe_whatsapp.tests.test_customer_activity.TestCustomerActivity.test_caller_changed_receipt_cannot_replace_durable_atom) ... ok
test_core_failure_propagates_to_outer_receipt_without_rollback (frappe_whatsapp.frappe_whatsapp.tests.test_customer_activity.TestCustomerActivity.test_core_failure_propagates_to_outer_receipt_without_rollback) ... ok
test_exact_provider_timestamp_and_receipt_forwarded_without_content (frappe_whatsapp.frappe_whatsapp.tests.test_customer_activity.TestCustomerActivity.test_exact_provider_timestamp_and_receipt_forwarded_without_content) ... ok
test_generic_replay_flag_does_not_suppress_trusted_customer_reply (frappe_whatsapp.frappe_whatsapp.tests.test_customer_activity.TestCustomerActivity.test_generic_replay_flag_does_not_suppress_trusted_customer_reply) ... ok
test_history_echo_and_nonprocessing_receipt_are_rejected (frappe_whatsapp.frappe_whatsapp.tests.test_customer_activity.TestCustomerActivity.test_history_echo_and_nonprocessing_receipt_are_rejected) ... ok
test_http_or_forged_worker_context_denied_before_storage_or_core (frappe_whatsapp.frappe_whatsapp.tests.test_customer_activity.TestCustomerActivity.test_http_or_forged_worker_context_denied_before_storage_or_core) ... ok
test_integer_provider_seconds_are_supported_without_receipt_time_substitution (frappe_whatsapp.frappe_whatsapp.tests.test_customer_activity.TestCustomerActivity.test_integer_provider_seconds_are_supported_without_receipt_time_substitution) ... ok
test_later_invalid_sibling_and_mixed_atom_cannot_reach_control (frappe_whatsapp.frappe_whatsapp.tests.test_customer_activity.TestCustomerActivity.test_later_invalid_sibling_and_mixed_atom_cannot_reach_control) ... ok
test_missing_core_schema_preserves_raw_intake_without_claiming_hold (frappe_whatsapp.frappe_whatsapp.tests.test_customer_activity.TestCustomerActivity.test_missing_core_schema_preserves_raw_intake_without_claiming_hold) ... ok
test_missing_millisecond_bool_and_noncanonical_timestamp_rejected (frappe_whatsapp.frappe_whatsapp.tests.test_customer_activity.TestCustomerActivity.test_missing_millisecond_bool_and_noncanonical_timestamp_rejected) ... ok
test_non_numeric_peer_and_account_are_rejected_without_normalization (frappe_whatsapp.frappe_whatsapp.tests.test_customer_activity.TestCustomerActivity.test_non_numeric_peer_and_account_are_rejected_without_normalization) ... ok
test_processing_without_actual_attempt_or_live_lease_is_denied (frappe_whatsapp.frappe_whatsapp.tests.test_customer_activity.TestCustomerActivity.test_processing_without_actual_attempt_or_live_lease_is_denied) ... ok
test_scope_app_business_change_or_multiple_accounts_is_rejected (frappe_whatsapp.frappe_whatsapp.tests.test_customer_activity.TestCustomerActivity.test_scope_app_business_change_or_multiple_accounts_is_rejected) ... ok
test_absent_crm_or_native_schema_leaves_legacy_folding_available (frappe_whatsapp.frappe_whatsapp.tests.test_delivery.TestDeliveryBridge.test_absent_crm_or_native_schema_leaves_legacy_folding_available) ... ok
test_actual_receipt_and_scope_are_passed_to_core_before_legacy_lookup (frappe_whatsapp.frappe_whatsapp.tests.test_delivery.TestDeliveryBridge.test_actual_receipt_and_scope_are_passed_to_core_before_legacy_lookup) ... ok
test_ambiguous_account_list_never_reaches_core (frappe_whatsapp.frappe_whatsapp.tests.test_delivery.TestDeliveryBridge.test_ambiguous_account_list_never_reaches_core) ... ok
test_changed_status_id_peer_or_timestamp_cannot_grant_missing_wm_success (frappe_whatsapp.frappe_whatsapp.tests.test_delivery.TestDeliveryBridge.test_changed_status_id_peer_or_timestamp_cannot_grant_missing_wm_success) ... ok
test_core_failure_propagates_without_commit_or_rollback (frappe_whatsapp.frappe_whatsapp.tests.test_delivery.TestDeliveryBridge.test_core_failure_propagates_without_commit_or_rollback) ... ok
test_missing_target_does_not_claim_legacy_status_success (frappe_whatsapp.frappe_whatsapp.tests.test_delivery.TestDeliveryBridge.test_missing_target_does_not_claim_legacy_status_success) ... ok
test_no_http_or_flag_only_authority (frappe_whatsapp.frappe_whatsapp.tests.test_delivery.TestDeliveryBridge.test_no_http_or_flag_only_authority) ... ok
test_nonprocessing_wrong_event_and_tampered_receipt_are_denied (frappe_whatsapp.frappe_whatsapp.tests.test_delivery.TestDeliveryBridge.test_nonprocessing_wrong_event_and_tampered_receipt_are_denied) ... ok
test_processing_flag_without_live_attempt_cannot_grant_delivery (frappe_whatsapp.frappe_whatsapp.tests.test_delivery.TestDeliveryBridge.test_processing_flag_without_live_attempt_cannot_grant_delivery) ... ok
test_actual_worker_projects_inbound_and_holds_bot_in_one_completion (frappe_whatsapp.frappe_whatsapp.tests.test_receipt_pipeline.TestReceiptPipelineSql.test_actual_worker_projects_inbound_and_holds_bot_in_one_completion) ... ok
test_domain_failure_rolls_back_hold_and_message_but_keeps_receipt_and_prior_work (frappe_whatsapp.frappe_whatsapp.tests.test_receipt_pipeline.TestReceiptPipelineSql.test_domain_failure_rolls_back_hold_and_message_but_keeps_receipt_and_prior_work) ... ok
test_full_batch_retains_every_atom_across_independent_domain_failures (frappe_whatsapp.frappe_whatsapp.tests.test_receipt_pipeline.TestReceiptPipelineSql.test_full_batch_retains_every_atom_across_independent_domain_failures) ... ok
test_legacy_failure_rolls_back_native_delivery_in_the_same_worker (frappe_whatsapp.frappe_whatsapp.tests.test_receipt_pipeline.TestReceiptPipelineSql.test_legacy_failure_rolls_back_native_delivery_in_the_same_worker) ... ok
test_missing_target_stays_failed_then_same_receipt_retries_after_native_target_exists (frappe_whatsapp.frappe_whatsapp.tests.test_receipt_pipeline.TestReceiptPipelineSql.test_missing_target_stays_failed_then_same_receipt_retries_after_native_target_exists) ... ok
test_native_only_delivery_satisfies_missing_legacy_row (frappe_whatsapp.frappe_whatsapp.tests.test_receipt_pipeline.TestReceiptPipelineSql.test_native_only_delivery_satisfies_missing_legacy_row) ... ok
test_processed_redelivery_preserves_one_projection_and_does_not_consume_again (frappe_whatsapp.frappe_whatsapp.tests.test_receipt_pipeline.TestReceiptPipelineSql.test_processed_redelivery_preserves_one_projection_and_does_not_consume_again) ... ok
test_verified_recipient_updates_only_exact_legacy_row_and_native_intent (frappe_whatsapp.frappe_whatsapp.tests.test_receipt_pipeline.TestReceiptPipelineSql.test_verified_recipient_updates_only_exact_legacy_row_and_native_intent) ... ok
test_wrong_peer_legacy_row_cannot_satisfy_missing_native_target (frappe_whatsapp.frappe_whatsapp.tests.test_receipt_pipeline.TestReceiptPipelineSql.test_wrong_peer_legacy_row_cannot_satisfy_missing_native_target) ... ok

----------------------------------------------------------------------
Ran 66 tests in 1.751s

OK
