test_ambiguous_app_secret_denied (frappe_whatsapp.frappe_whatsapp.tests.test_webhook_signature.TestSignature.test_ambiguous_app_secret_denied) ... ok
test_disabled_and_demo_accounts_denied (frappe_whatsapp.frappe_whatsapp.tests.test_webhook_signature.TestSignature.test_disabled_and_demo_accounts_denied) ... ok
test_duplicate_keys_denied (frappe_whatsapp.frappe_whatsapp.tests.test_webhook_signature.TestSignature.test_duplicate_keys_denied) ... ok
test_foreign_phone_denied (frappe_whatsapp.frappe_whatsapp.tests.test_webhook_signature.TestSignature.test_foreign_phone_denied) ... ok
test_foreign_waba_denied (frappe_whatsapp.frappe_whatsapp.tests.test_webhook_signature.TestSignature.test_foreign_waba_denied) ... ok
test_invalid_json_denied (frappe_whatsapp.frappe_whatsapp.tests.test_webhook_signature.TestSignature.test_invalid_json_denied) ... ok
test_known_different_app_denied (frappe_whatsapp.frappe_whatsapp.tests.test_webhook_signature.TestSignature.test_known_different_app_denied) ... ok
test_malformed_envelopes_denied (frappe_whatsapp.frappe_whatsapp.tests.test_webhook_signature.TestSignature.test_malformed_envelopes_denied) ... ok
test_malformed_signatures_rejected (frappe_whatsapp.frappe_whatsapp.tests.test_webhook_signature.TestSignature.test_malformed_signatures_rejected) ... ok
test_message_status_requires_phone (frappe_whatsapp.frappe_whatsapp.tests.test_webhook_signature.TestSignature.test_message_status_requires_phone) ... ok
test_missing_app_id_denied (frappe_whatsapp.frappe_whatsapp.tests.test_webhook_signature.TestSignature.test_missing_app_id_denied) ... ok
test_missing_secret_fails_closed (frappe_whatsapp.frappe_whatsapp.tests.test_webhook_signature.TestSignature.test_missing_secret_fails_closed) ... ok
test_missing_signature_rejected (frappe_whatsapp.frappe_whatsapp.tests.test_webhook_signature.TestSignature.test_missing_signature_rejected) ... ok
test_multiple_phones_same_app_all_changes_retained (frappe_whatsapp.frappe_whatsapp.tests.test_webhook_signature.TestSignature.test_multiple_phones_same_app_all_changes_retained) ... ok
test_no_accounts_fails_closed (frappe_whatsapp.frappe_whatsapp.tests.test_webhook_signature.TestSignature.test_no_accounts_fails_closed) ... ok
test_no_http_request_is_not_authorization (frappe_whatsapp.frappe_whatsapp.tests.test_webhook_signature.TestSignature.test_no_http_request_is_not_authorization) ... ok
test_oversized_body_denied (frappe_whatsapp.frappe_whatsapp.tests.test_webhook_signature.TestSignature.test_oversized_body_denied) ... ok
test_phone_must_be_unique_in_app_waba (frappe_whatsapp.frappe_whatsapp.tests.test_webhook_signature.TestSignature.test_phone_must_be_unique_in_app_waba) ... ok
test_raw_body_is_only_payload_consumed (frappe_whatsapp.frappe_whatsapp.tests.test_webhook_signature.TestSignature.test_raw_body_is_only_payload_consumed) ... ok
test_scoped_status_queries (frappe_whatsapp.frappe_whatsapp.tests.test_webhook_signature.TestSignature.test_scoped_status_queries) ... ok
test_tampered_raw_body_rejected (frappe_whatsapp.frappe_whatsapp.tests.test_webhook_signature.TestSignature.test_tampered_raw_body_rejected) ... ok
test_template_query_is_scoped (frappe_whatsapp.frappe_whatsapp.tests.test_webhook_signature.TestSignature.test_template_query_is_scoped) ... ok
test_template_scope_is_waba_and_app (frappe_whatsapp.frappe_whatsapp.tests.test_webhook_signature.TestSignature.test_template_scope_is_waba_and_app) ... ok
test_unconfigured_waba_denied_even_if_payload_says_none (frappe_whatsapp.frappe_whatsapp.tests.test_webhook_signature.TestSignature.test_unconfigured_waba_denied_even_if_payload_says_none) ... ok
test_valid_first_foreign_later_produces_no_writes (frappe_whatsapp.frappe_whatsapp.tests.test_webhook_signature.TestSignature.test_valid_first_foreign_later_produces_no_writes) ... ok
test_valid_raw_signature_routes_exact_account (frappe_whatsapp.frappe_whatsapp.tests.test_webhook_signature.TestSignature.test_valid_raw_signature_routes_exact_account) ... ok
test_wrong_secret_rejected (frappe_whatsapp.frappe_whatsapp.tests.test_webhook_signature.TestSignature.test_wrong_secret_rejected) ... ok
test_account_app_and_provider_namespaces_are_distinct (frappe_whatsapp.frappe_whatsapp.tests.test_webhook_receipts.TestWebhookReceipts.test_account_app_and_provider_namespaces_are_distinct) ... ok
test_all_message_and_status_atoms_are_retained (frappe_whatsapp.frappe_whatsapp.tests.test_webhook_receipts.TestWebhookReceipts.test_all_message_and_status_atoms_are_retained) ... ok
test_duplicate_preserves_earlier_caller_work (frappe_whatsapp.frappe_whatsapp.tests.test_webhook_receipts.TestWebhookReceipts.test_duplicate_preserves_earlier_caller_work) ... ok
test_enqueue_failure_retains_pending (frappe_whatsapp.frappe_whatsapp.tests.test_webhook_receipts.TestWebhookReceipts.test_enqueue_failure_retains_pending) ... ok
test_generic_update_cannot_rewrite_receipt (frappe_whatsapp.frappe_whatsapp.tests.test_webhook_receipts.TestWebhookReceipts.test_generic_update_cannot_rewrite_receipt) ... ok
test_guest_and_sales_roles_cannot_read_receipt (frappe_whatsapp.frappe_whatsapp.tests.test_webhook_receipts.TestWebhookReceipts.test_guest_and_sales_roles_cannot_read_receipt) ... ok
test_invalid_later_event_does_not_insert_earlier (frappe_whatsapp.frappe_whatsapp.tests.test_webhook_receipts.TestWebhookReceipts.test_invalid_later_event_does_not_insert_earlier) ... ok
test_record_never_commits_and_does_not_enqueue_before_commit (frappe_whatsapp.frappe_whatsapp.tests.test_webhook_receipts.TestWebhookReceipts.test_record_never_commits_and_does_not_enqueue_before_commit) ... ok
test_reordered_batch_converges (frappe_whatsapp.frappe_whatsapp.tests.test_webhook_receipts.TestWebhookReceipts.test_reordered_batch_converges) ... ok
test_replay_preserves_original_evidence (frappe_whatsapp.frappe_whatsapp.tests.test_webhook_receipts.TestWebhookReceipts.test_replay_preserves_original_evidence) ... ok
test_schema_unavailable_never_falls_back_to_volatile_ingest (frappe_whatsapp.frappe_whatsapp.tests.test_webhook_receipts.TestWebhookReceipts.test_schema_unavailable_never_falls_back_to_volatile_ingest) ... ok
test_worker_accepts_frappe_unbound_request_proxy (frappe_whatsapp.frappe_whatsapp.tests.test_webhook_receipts.TestWebhookReceipts.test_worker_accepts_frappe_unbound_request_proxy) ... ok
test_worker_refuses_http_transaction_context (frappe_whatsapp.frappe_whatsapp.tests.test_webhook_receipts.TestWebhookReceipts.test_worker_refuses_http_transaction_context) ... ok
test_demo_generic_get_has_media_keys (frappe_whatsapp.frappe_whatsapp.tests.test_transport.TestDemoModeSuppressesEgress.test_demo_generic_get_has_media_keys)
utils.webhook reads media_data["url"] unconditionally. ... ok
test_demo_message_response_is_meta_shaped (frappe_whatsapp.frappe_whatsapp.tests.test_transport.TestDemoModeSuppressesEgress.test_demo_message_response_is_meta_shaped) ... ok
test_demo_never_performs_http (frappe_whatsapp.frappe_whatsapp.tests.test_transport.TestDemoModeSuppressesEgress.test_demo_never_performs_http)
The whole point. If either of these is called, a prospect's phone ... ok
test_demo_raw_duck_types_response (frappe_whatsapp.frappe_whatsapp.tests.test_transport.TestDemoModeSuppressesEgress.test_demo_raw_duck_types_response)
Call sites converted from requests.* use these four members. ... ok
test_demo_template_create_is_approved (frappe_whatsapp.frappe_whatsapp.tests.test_transport.TestDemoModeSuppressesEgress.test_demo_template_create_is_approved)
A demo tenant must end up with usable templates: taller's ... ok
test_no_direct_meta_egress_outside_transport (frappe_whatsapp.frappe_whatsapp.tests.test_transport.TestEgressInvariant.test_no_direct_meta_egress_outside_transport) ... ok
test_default_mode_is_live (frappe_whatsapp.frappe_whatsapp.tests.test_transport.TestLiveMode.test_default_mode_is_live)
Existing accounts predate the field. Defaulting to Demo would ... ok
test_live_still_calls_through (frappe_whatsapp.frappe_whatsapp.tests.test_transport.TestLiveMode.test_live_still_calls_through) ... ok
test_live_without_token_fails_closed (frappe_whatsapp.frappe_whatsapp.tests.test_transport.TestLiveMode.test_live_without_token_fails_closed)
Previously this fired the request and returned an opaque Meta 401. ... ok
test_receipt_and_replay_cannot_submit_or_mutate (frappe_whatsapp.frappe_whatsapp.tests.test_transport.TestReceiptEgress.test_receipt_and_replay_cannot_submit_or_mutate) ... ok
test_receipt_may_fetch_media (frappe_whatsapp.frappe_whatsapp.tests.test_transport.TestReceiptEgress.test_receipt_may_fetch_media) ... ok
test_conversation_rejects_bad_script (frappe_whatsapp.frappe_whatsapp.tests.test_demo_inbound.TestDemoInbound.test_conversation_rejects_bad_script) ... ok
test_conversation_script_creates_both_directions (frappe_whatsapp.frappe_whatsapp.tests.test_demo_inbound.TestDemoInbound.test_conversation_script_creates_both_directions) ... ok
test_conversation_script_is_capped (frappe_whatsapp.frappe_whatsapp.tests.test_demo_inbound.TestDemoInbound.test_conversation_script_is_capped) ... ok
test_delivery_status_refuses_another_account (frappe_whatsapp.frappe_whatsapp.tests.test_demo_inbound.TestDemoInbound.test_delivery_status_refuses_another_account)
The Demo guard alone was NOT enough here: a status envelope carries no ... ok
test_delivery_status_rejects_unknown_status (frappe_whatsapp.frappe_whatsapp.tests.test_demo_inbound.TestDemoInbound.test_delivery_status_rejects_unknown_status) ... ok
test_form_dict_is_restored (frappe_whatsapp.frappe_whatsapp.tests.test_demo_inbound.TestDemoInbound.test_form_dict_is_restored)
_dispatch swaps frappe.local.form_dict; the rest of the request ... ok
test_form_dict_restored_even_when_handler_raises (frappe_whatsapp.frappe_whatsapp.tests.test_demo_inbound.TestDemoInbound.test_form_dict_restored_even_when_handler_raises) ... ok
test_inbound_is_marked_demo (frappe_whatsapp.frappe_whatsapp.tests.test_demo_inbound.TestDemoInbound.test_inbound_is_marked_demo)
Inbound was the gap: the old stamp lived in notify(), which only ... ok
test_inbound_text_creates_incoming_message_on_right_account (frappe_whatsapp.frappe_whatsapp.tests.test_demo_inbound.TestDemoInbound.test_inbound_text_creates_incoming_message_on_right_account) ... ok
test_refuses_on_live_account (frappe_whatsapp.frappe_whatsapp.tests.test_demo_inbound.TestDemoInbound.test_refuses_on_live_account)
The whole reason this module can be shipped at all. ... ok
test_refuses_unknown_account (frappe_whatsapp.frappe_whatsapp.tests.test_demo_inbound.TestDemoInbound.test_refuses_unknown_account) ... ok
test_rejects_account_without_phone_id (frappe_whatsapp.frappe_whatsapp.tests.test_demo_inbound.TestDemoInbound.test_rejects_account_without_phone_id)
Without a phone_id the webhook drops the message but the caller still ... ok
test_rejects_empty_body (frappe_whatsapp.frappe_whatsapp.tests.test_demo_inbound.TestDemoInbound.test_rejects_empty_body) ... ok
test_requires_system_manager (frappe_whatsapp.frappe_whatsapp.tests.test_demo_inbound.TestDemoInbound.test_requires_system_manager)
Every entry point was a bare @frappe.whitelist(), so any authenticated ... ok
test_simulation_never_touches_meta (frappe_whatsapp.frappe_whatsapp.tests.test_demo_inbound.TestDemoInbound.test_simulation_never_touches_meta) ... ok
test_default_handover_from_both_flags_account_leaves_a_default (frappe_whatsapp.utils.test_conversation_webhook.TestAccountDefaultsExclusive.test_default_handover_from_both_flags_account_leaves_a_default)
Regression: un-defaulting the old default via doc.save() re-entered ITS ... ok
test_default_incoming_is_exclusive (frappe_whatsapp.utils.test_conversation_webhook.TestAccountDefaultsExclusive.test_default_incoming_is_exclusive) ... ok
test_default_outgoing_is_exclusive (frappe_whatsapp.utils.test_conversation_webhook.TestAccountDefaultsExclusive.test_default_outgoing_is_exclusive) ... ok
test_format_number_none_returns_none (frappe_whatsapp.utils.test_conversation_webhook.TestGetWhatsAppAccountResolution.test_format_number_none_returns_none) ... ok
test_unmatched_phone_id_returns_none_not_default (frappe_whatsapp.utils.test_conversation_webhook.TestGetWhatsAppAccountResolution.test_unmatched_phone_id_returns_none_not_default) ... ok
test_media_fetch_failure_still_creates_placeholder_row (frappe_whatsapp.utils.test_conversation_webhook.TestWebhookMedia.test_media_fetch_failure_still_creates_placeholder_row) ... ok
test_media_happy_path_attaches_file (frappe_whatsapp.utils.test_conversation_webhook.TestWebhookMedia.test_media_happy_path_attaches_file) ... ok
test_media_timeout_does_not_lose_sibling_text_in_batch (frappe_whatsapp.utils.test_conversation_webhook.TestWebhookMedia.test_media_timeout_does_not_lose_sibling_text_in_batch) ... ok
test_empty_entry_arrays_do_not_500 (frappe_whatsapp.utils.test_conversation_webhook.TestWebhookRouting.test_empty_entry_arrays_do_not_500) ... ok
test_failed_status_records_failure_reason (frappe_whatsapp.utils.test_conversation_webhook.TestWebhookRouting.test_failed_status_records_failure_reason)
A failed send must persist Meta's errors[] so the failure is diagnosable ... ok
test_get_handshake_echoes_challenge_for_matching_account (frappe_whatsapp.utils.test_conversation_webhook.TestWebhookRouting.test_get_handshake_echoes_challenge_for_matching_account) ... ok
test_get_handshake_rejects_unknown_token (frappe_whatsapp.utils.test_conversation_webhook.TestWebhookRouting.test_get_handshake_rejects_unknown_token) ... ok
test_inbound_routes_to_matching_account_by_phone_id (frappe_whatsapp.utils.test_conversation_webhook.TestWebhookRouting.test_inbound_routes_to_matching_account_by_phone_id) ... ok
test_status_for_unknown_message_is_dropped_quietly (frappe_whatsapp.utils.test_conversation_webhook.TestWebhookRouting.test_status_for_unknown_message_is_dropped_quietly) ... ok
test_unknown_phone_id_creates_no_message_even_with_a_default (frappe_whatsapp.utils.test_conversation_webhook.TestWebhookRouting.test_unknown_phone_id_creates_no_message_even_with_a_default)
Audit H2: an unmatched phone_id must NOT fall back to the default account ... ok
test_webhook_creates_notification_log (frappe_whatsapp.utils.test_webhook.TestWebhookEndpoint.test_webhook_creates_notification_log)
Test that webhook POST creates a notification log entry. ... ok
test_webhook_get_verification (frappe_whatsapp.utils.test_webhook.TestWebhookEndpoint.test_webhook_get_verification)
Test GET webhook verification. ... ok
test_webhook_get_wrong_token (frappe_whatsapp.utils.test_webhook.TestWebhookEndpoint.test_webhook_get_wrong_token)
Test GET webhook with wrong verify token. ... ok
test_webhook_post_button_message (frappe_whatsapp.utils.test_webhook.TestWebhookEndpoint.test_webhook_post_button_message)
Test POST webhook with button reply message. ... ok
test_webhook_post_reaction_message (frappe_whatsapp.utils.test_webhook.TestWebhookEndpoint.test_webhook_post_reaction_message)
Test POST webhook with reaction message. ... ok
test_webhook_post_reply_message (frappe_whatsapp.utils.test_webhook.TestWebhookEndpoint.test_webhook_post_reply_message)
Test POST webhook with reply context. ... ok
test_webhook_post_status_update (frappe_whatsapp.utils.test_webhook.TestWebhookEndpoint.test_webhook_post_status_update)
Test POST webhook with status update (no messages). ... ok
test_webhook_post_template_status_update (frappe_whatsapp.utils.test_webhook.TestWebhookEndpoint.test_webhook_post_template_status_update)
Template status updates have no metadata.phone_number_id; the handler ... ok
test_webhook_post_text_message (frappe_whatsapp.utils.test_webhook.TestWebhookEndpoint.test_webhook_post_text_message)
Test POST webhook with incoming text message. ... ok
test_update_message_status (frappe_whatsapp.utils.test_webhook.TestWebhookHelpers.test_update_message_status)
Test update_message_status updates WhatsApp Message status. ... ok
test_update_message_status_without_conversation (frappe_whatsapp.utils.test_webhook.TestWebhookHelpers.test_update_message_status_without_conversation)
Test update_message_status when no conversation ID. ... ok
test_update_status_template_status (frappe_whatsapp.utils.test_webhook.TestWebhookHelpers.test_update_status_template_status)
Test update_status routes to template status update. ... ok
test_update_template_status (frappe_whatsapp.utils.test_webhook.TestWebhookHelpers.test_update_template_status)
Test update_template_status updates template status via SQL. ... ok
test_ambiguous_local_matches_hold_human_and_do_not_modify_either_local_row (frappe_whatsapp.frappe_whatsapp.tests.test_coexistence.TestCoexistenceSql.test_ambiguous_local_matches_hold_human_and_do_not_modify_either_local_row) ... ok
test_app_id_same_but_wrong_account_or_peer_is_not_own_echo (frappe_whatsapp.frappe_whatsapp.tests.test_coexistence.TestCoexistenceSql.test_app_id_same_but_wrong_account_or_peer_is_not_own_echo) ... ok
test_callback_failure_propagates_without_helper_transaction_rollback (frappe_whatsapp.frappe_whatsapp.tests.test_coexistence.TestCoexistenceSql.test_callback_failure_propagates_without_helper_transaction_rollback) ... ok
test_cleared_in_memory_origin_cannot_resend_or_rewrite_persisted_external_row (frappe_whatsapp.frappe_whatsapp.tests.test_coexistence.TestCoexistenceSql.test_cleared_in_memory_origin_cannot_resend_or_rewrite_persisted_external_row) ... ok
test_deterministic_name_collision_does_not_overwrite_unrelated_row (frappe_whatsapp.frappe_whatsapp.tests.test_coexistence.TestCoexistenceSql.test_deterministic_name_collision_does_not_overwrite_unrelated_row) ... ok
test_duplicate_projection_uses_savepoint_and_preserves_prior_caller_work (frappe_whatsapp.frappe_whatsapp.tests.test_coexistence.TestCoexistenceSql.test_duplicate_projection_uses_savepoint_and_preserves_prior_caller_work) ... ok
test_exact_local_cloud_echo_is_correlated_without_duplicate_or_human_hold (frappe_whatsapp.frappe_whatsapp.tests.test_coexistence.TestCoexistenceSql.test_exact_local_cloud_echo_is_correlated_without_duplicate_or_human_hold) ... ok
test_forged_public_marker_and_private_seam_token_are_rejected (frappe_whatsapp.frappe_whatsapp.tests.test_coexistence.TestCoexistenceSql.test_forged_public_marker_and_private_seam_token_are_rejected) ... ok
test_forged_scoped_body_or_receipt_identity_cannot_project (frappe_whatsapp.frappe_whatsapp.tests.test_coexistence.TestCoexistenceSql.test_forged_scoped_body_or_receipt_identity_cannot_project) ... ok
test_guest_projection_preserves_text_and_holds_bot_without_transport_or_identity_merges (frappe_whatsapp.frappe_whatsapp.tests.test_coexistence.TestCoexistenceSql.test_guest_projection_preserves_text_and_holds_bot_without_transport_or_identity_merges) ... ok
test_history_and_state_sync_are_retained_without_projection_or_control (frappe_whatsapp.frappe_whatsapp.tests.test_coexistence.TestCoexistenceSql.test_history_and_state_sync_are_retained_without_projection_or_control) ... ok
test_media_metadata_is_stored_without_fetch_or_full_receipt_duplication (frappe_whatsapp.frappe_whatsapp.tests.test_coexistence.TestCoexistenceSql.test_media_metadata_is_stored_without_fetch_or_full_receipt_duplication) ... ok
test_missing_crm_app_is_detected_before_any_control_schema_query (frappe_whatsapp.frappe_whatsapp.tests.test_coexistence.TestCoexistenceSql.test_missing_crm_app_is_detected_before_any_control_schema_query) ... ok
test_missing_crm_preserves_projection_and_reports_unapplied_control (frappe_whatsapp.frappe_whatsapp.tests.test_coexistence.TestCoexistenceSql.test_missing_crm_preserves_projection_and_reports_unapplied_control) ... ok
test_replay_preserves_one_projection_and_one_control_generation (frappe_whatsapp.frappe_whatsapp.tests.test_coexistence.TestCoexistenceSql.test_replay_preserves_one_projection_and_one_control_generation) ... ok
test_retry_flag_does_not_skip_first_conservative_hold (frappe_whatsapp.frappe_whatsapp.tests.test_coexistence.TestCoexistenceSql.test_retry_flag_does_not_skip_first_conservative_hold) ... ok
test_unknown_echo_type_is_retained_unsupported_but_cannot_leave_bot_enabled (frappe_whatsapp.frappe_whatsapp.tests.test_coexistence.TestCoexistenceSql.test_unknown_echo_type_is_retained_unsupported_but_cannot_leave_bot_enabled) ... ok
test_unmigrated_crm_control_schema_is_explicitly_unavailable (frappe_whatsapp.frappe_whatsapp.tests.test_coexistence.TestCoexistenceSql.test_unmigrated_crm_control_schema_is_explicitly_unavailable) ... ok
test_bounded_required_fields_reject_invalid_types (frappe_whatsapp.frappe_whatsapp.tests.test_coexistence.TestEchoAtomization.test_bounded_required_fields_reject_invalid_types) ... ok
test_bsp_history_envelope_not_accepted_as_meta (frappe_whatsapp.frappe_whatsapp.tests.test_coexistence.TestEchoAtomization.test_bsp_history_envelope_not_accepted_as_meta) ... ok
test_business_from_must_match_exact_scoped_metadata_without_phone_merging (frappe_whatsapp.frappe_whatsapp.tests.test_coexistence.TestEchoAtomization.test_business_from_must_match_exact_scoped_metadata_without_phone_merging) ... ok
test_echo_array_on_wrong_field_or_mixed_value_is_rejected (frappe_whatsapp.frappe_whatsapp.tests.test_coexistence.TestEchoAtomization.test_echo_array_on_wrong_field_or_mixed_value_is_rejected) ... ok
test_echo_collection_must_be_nonempty_bounded_list_of_objects (frappe_whatsapp.frappe_whatsapp.tests.test_coexistence.TestEchoAtomization.test_echo_collection_must_be_nonempty_bounded_list_of_objects) ... ok
test_every_echo_atom_has_exact_account_app_peer_and_original_body (frappe_whatsapp.frappe_whatsapp.tests.test_coexistence.TestEchoAtomization.test_every_echo_atom_has_exact_account_app_peer_and_original_body) ... ok
test_foreign_phone_or_waba_rejected_before_echo_ingest (frappe_whatsapp.frappe_whatsapp.tests.test_coexistence.TestEchoAtomization.test_foreign_phone_or_waba_rejected_before_echo_ingest) ... ok
test_invalid_later_change_prevents_earlier_normal_message_write (frappe_whatsapp.frappe_whatsapp.tests.test_coexistence.TestEchoAtomization.test_invalid_later_change_prevents_earlier_normal_message_write) ... ok
test_invalid_sibling_prevents_any_signed_batch_receipt_write (frappe_whatsapp.frappe_whatsapp.tests.test_coexistence.TestEchoAtomization.test_invalid_sibling_prevents_any_signed_batch_receipt_write) ... ok
test_media_requires_id_and_bounded_metadata_without_fetching (frappe_whatsapp.frappe_whatsapp.tests.test_coexistence.TestEchoAtomization.test_media_requires_id_and_bounded_metadata_without_fetching) ... ok
test_mixed_valid_changes_are_all_passed_to_durable_store (frappe_whatsapp.frappe_whatsapp.tests.test_coexistence.TestEchoAtomization.test_mixed_valid_changes_are_all_passed_to_durable_store) ... ok
test_reorder_and_split_preserve_atom_identity (frappe_whatsapp.frappe_whatsapp.tests.test_coexistence.TestEchoAtomization.test_reorder_and_split_preserve_atom_identity) ... ok
test_reordered_text_does_not_change_source_identity (frappe_whatsapp.frappe_whatsapp.tests.test_coexistence.TestEchoAtomization.test_reordered_text_does_not_change_source_identity) ... ok
test_same_message_id_other_account_or_peer_has_distinct_identity (frappe_whatsapp.frappe_whatsapp.tests.test_coexistence.TestEchoAtomization.test_same_message_id_other_account_or_peer_has_distinct_identity) ... ok
test_absent_core_api_denies_without_fallback (frappe_whatsapp.frappe_whatsapp.tests.test_native_outbox.TestNativeOutbox.test_absent_core_api_denies_without_fallback) ... ok
test_account_storage_error_is_static_before_http (frappe_whatsapp.frappe_whatsapp.tests.test_native_outbox.TestNativeOutbox.test_account_storage_error_is_static_before_http) ... ok
test_arbitrary_callback_status_and_extra_content_are_rejected (frappe_whatsapp.frappe_whatsapp.tests.test_native_outbox.TestNativeOutbox.test_arbitrary_callback_status_and_extra_content_are_rejected) ... ok
test_authority_is_first_and_denied_context_cannot_resolve_or_send (frappe_whatsapp.frappe_whatsapp.tests.test_native_outbox.TestNativeOutbox.test_authority_is_first_and_denied_context_cannot_resolve_or_send) ... ok
test_authority_receives_exact_payload_and_can_deny_changed_body (frappe_whatsapp.frappe_whatsapp.tests.test_native_outbox.TestNativeOutbox.test_authority_receives_exact_payload_and_can_deny_changed_body) ... ok
test_closed_response_error_does_not_erase_known_acceptance (frappe_whatsapp.frappe_whatsapp.tests.test_native_outbox.TestNativeOutbox.test_closed_response_error_does_not_erase_known_acceptance) ... ok
test_creation_validator_is_pure_and_returns_canonical_bytes (frappe_whatsapp.frappe_whatsapp.tests.test_native_outbox.TestNativeOutbox.test_creation_validator_is_pure_and_returns_canonical_bytes) ... ok
test_creation_validator_raises_only_static_value_error_for_invalid_shapes (frappe_whatsapp.frappe_whatsapp.tests.test_native_outbox.TestNativeOutbox.test_creation_validator_raises_only_static_value_error_for_invalid_shapes) ... ok
test_cycle_depth_and_total_json_budget_fail_before_http (frappe_whatsapp.frappe_whatsapp.tests.test_native_outbox.TestNativeOutbox.test_cycle_depth_and_total_json_budget_fail_before_http) ... ok
test_definitive_graph_rejection_is_failed_and_safe (frappe_whatsapp.frappe_whatsapp.tests.test_native_outbox.TestNativeOutbox.test_definitive_graph_rejection_is_failed_and_safe) ... ok
test_duplicate_json_keys_cannot_hide_ambiguous_acceptance (frappe_whatsapp.frappe_whatsapp.tests.test_native_outbox.TestNativeOutbox.test_duplicate_json_keys_cannot_hide_ambiguous_acceptance) ... ok
test_exact_account_header_frozen_bytes_and_one_bounded_post (frappe_whatsapp.frappe_whatsapp.tests.test_native_outbox.TestNativeOutbox.test_exact_account_header_frozen_bytes_and_one_bounded_post) ... ok
test_forged_document_and_receipt_flags_do_not_grant_authority (frappe_whatsapp.frappe_whatsapp.tests.test_native_outbox.TestNativeOutbox.test_forged_document_and_receipt_flags_do_not_grant_authority) ... ok
test_interactive_button_list_and_flow_are_already_complete (frappe_whatsapp.frappe_whatsapp.tests.test_native_outbox.TestNativeOutbox.test_interactive_button_list_and_flow_are_already_complete) ... ok
test_malformed_shapes_unknown_types_and_large_body_are_blocked (frappe_whatsapp.frappe_whatsapp.tests.test_native_outbox.TestNativeOutbox.test_malformed_shapes_unknown_types_and_large_body_are_blocked) ... ok
test_malformed_success_unproven_rejection_and_wrong_peer_are_unknown (frappe_whatsapp.frappe_whatsapp.tests.test_native_outbox.TestNativeOutbox.test_malformed_success_unproven_rejection_and_wrong_peer_are_unknown) ... ok
test_media_ambiguous_reference_credentials_and_local_file_are_blocked (frappe_whatsapp.frappe_whatsapp.tests.test_native_outbox.TestNativeOutbox.test_media_ambiguous_reference_credentials_and_local_file_are_blocked) ... ok
test_media_ids_links_reactions_and_frozen_templates_do_not_resolve_live_sources (frappe_whatsapp.frappe_whatsapp.tests.test_native_outbox.TestNativeOutbox.test_media_ids_links_reactions_and_frozen_templates_do_not_resolve_live_sources) ... ok
test_missing_ambiguous_inactive_demo_and_changed_account_block (frappe_whatsapp.frappe_whatsapp.tests.test_native_outbox.TestNativeOutbox.test_missing_ambiguous_inactive_demo_and_changed_account_block) ... ok
test_missing_or_unsafe_token_never_attempts_http (frappe_whatsapp.frappe_whatsapp.tests.test_native_outbox.TestNativeOutbox.test_missing_or_unsafe_token_never_attempts_http) ... ok
test_mutation_after_serialization_cannot_change_submitted_body (frappe_whatsapp.frappe_whatsapp.tests.test_native_outbox.TestNativeOutbox.test_mutation_after_serialization_cannot_change_submitted_body) ... ok
test_recipient_product_account_and_provider_mismatch_block_before_lookup (frappe_whatsapp.frappe_whatsapp.tests.test_native_outbox.TestNativeOutbox.test_recipient_product_account_and_provider_mismatch_block_before_lookup) ... ok
test_response_cap_prevents_buffering_and_closes_stream (frappe_whatsapp.frappe_whatsapp.tests.test_native_outbox.TestNativeOutbox.test_response_cap_prevents_buffering_and_closes_stream) ... ok
test_server_error_and_redirect_are_unknown_without_read_or_retry (frappe_whatsapp.frappe_whatsapp.tests.test_native_outbox.TestNativeOutbox.test_server_error_and_redirect_are_unknown_without_read_or_retry) ... ok
test_slow_drip_deadline_is_unknown_and_stops_consuming (frappe_whatsapp.frappe_whatsapp.tests.test_native_outbox.TestNativeOutbox.test_slow_drip_deadline_is_unknown_and_stops_consuming) ... ok
test_synthetic_and_multiple_recipient_acceptance_are_not_live_success (frappe_whatsapp.frappe_whatsapp.tests.test_native_outbox.TestNativeOutbox.test_synthetic_and_multiple_recipient_acceptance_are_not_live_success) ... ok
test_timeout_connection_and_stream_failure_are_unknown (frappe_whatsapp.frappe_whatsapp.tests.test_native_outbox.TestNativeOutbox.test_timeout_connection_and_stream_failure_are_unknown) ... ok
test_account_record_reassignment_cannot_hold_wrong_conversation (crm.tests.test_conversation_activity.TestConversationActivitySql.test_account_record_reassignment_cannot_hold_wrong_conversation) ... ok
test_actual_private_assistant_principal_is_excluded (crm.tests.test_conversation_activity.TestConversationActivitySql.test_actual_private_assistant_principal_is_excluded) ... ok
test_current_revoked_demo_app_and_business_scope_are_denied (crm.tests.test_conversation_activity.TestConversationActivitySql.test_current_revoked_demo_app_and_business_scope_are_denied) ... ok
test_delayed_reply_newer_than_grant_has_no_arbitrary_age_cutoff (crm.tests.test_conversation_activity.TestConversationActivitySql.test_delayed_reply_newer_than_grant_has_no_arbitrary_age_cutoff) ... ok
test_forged_context_claimed_timestamp_and_peer_are_denied (crm.tests.test_conversation_activity.TestConversationActivitySql.test_forged_context_claimed_timestamp_and_peer_are_denied) ... ok
test_fresh_or_stale_reply_never_materializes_missing_conversation (crm.tests.test_conversation_activity.TestConversationActivitySql.test_fresh_or_stale_reply_never_materializes_missing_conversation) ... ok
test_future_message_and_its_later_replay_never_become_a_new_command (crm.tests.test_conversation_activity.TestConversationActivitySql.test_future_message_and_its_later_replay_never_become_a_new_command) ... ok
test_guest_fresh_reply_holds_bot_and_invalidates_old_followup_generation (crm.tests.test_conversation_activity.TestConversationActivitySql.test_guest_fresh_reply_holds_bot_and_invalidates_old_followup_generation) ... ok
test_history_and_noncustomer_system_messages_cannot_hold_or_create (crm.tests.test_conversation_activity.TestConversationActivitySql.test_history_and_noncustomer_system_messages_cannot_hold_or_create) ... ok
test_hold_and_audit_share_outer_rollback_and_prior_request_work_survives (crm.tests.test_conversation_activity.TestConversationActivitySql.test_hold_and_audit_share_outer_rollback_and_prior_request_work_survives) ... ok
test_human_owner_paused_and_closed_are_preserved (crm.tests.test_conversation_activity.TestConversationActivitySql.test_human_owner_paused_and_closed_are_preserved) ... ok
test_nonprocessing_and_tampered_actual_receipts_are_denied (crm.tests.test_conversation_activity.TestConversationActivitySql.test_nonprocessing_and_tampered_actual_receipts_are_denied) ... ok
test_old_same_second_and_microsecond_boundary_do_not_revoke_control (crm.tests.test_conversation_activity.TestConversationActivitySql.test_old_same_second_and_microsecond_boundary_do_not_revoke_control) ... ok
test_processing_flag_without_live_claim_cannot_mutate_control (crm.tests.test_conversation_activity.TestConversationActivitySql.test_processing_flag_without_live_claim_cannot_mutate_control) ... ok
test_receipt_arrival_time_is_not_activity_time (crm.tests.test_conversation_activity.TestConversationActivitySql.test_receipt_arrival_time_is_not_activity_time) ... ok
test_replayed_reply_cannot_revoke_a_newer_bot_grant (crm.tests.test_conversation_activity.TestConversationActivitySql.test_replayed_reply_cannot_revoke_a_newer_bot_grant) ... ok
test_retry_flag_does_not_skip_first_valid_hold (crm.tests.test_conversation_activity.TestConversationActivitySql.test_retry_flag_does_not_skip_first_valid_hold) ... ok
test_current_and_frozen_account_revision_mismatch_hold_evidence (crm.tests.test_outbox_delivery.TestOutboxDeliverySql.test_current_and_frozen_account_revision_mismatch_hold_evidence) ... ok
test_delivered_then_read_uses_provider_times_and_does_not_downgrade (crm.tests.test_outbox_delivery.TestOutboxDeliverySql.test_delivered_then_read_uses_provider_times_and_does_not_downgrade) ... ok
test_duplicate_exact_native_targets_are_ambiguous_and_unchanged (crm.tests.test_outbox_delivery.TestOutboxDeliverySql.test_duplicate_exact_native_targets_are_ambiguous_and_unchanged) ... ok
test_failed_async_is_static_not_retryable_and_can_upgrade_positive_evidence (crm.tests.test_outbox_delivery.TestOutboxDeliverySql.test_failed_async_is_static_not_retryable_and_can_upgrade_positive_evidence) ... ok
test_failed_with_id_can_upgrade_directly_to_read (crm.tests.test_outbox_delivery.TestOutboxDeliverySql.test_failed_with_id_can_upgrade_directly_to_read) ... ok
test_fence_is_owned_before_intent_lock_and_transition (crm.tests.test_outbox_delivery.TestOutboxDeliverySql.test_fence_is_owned_before_intent_lock_and_transition) ... ok
test_foreign_account_or_peer_with_same_message_id_does_not_match (crm.tests.test_outbox_delivery.TestOutboxDeliverySql.test_foreign_account_or_peer_with_same_message_id_does_not_match) ... ok
test_future_millisecond_and_uninitialized_timestamps_are_rejected (crm.tests.test_outbox_delivery.TestOutboxDeliverySql.test_future_millisecond_and_uninitialized_timestamps_are_rejected) ... ok
test_http_flag_only_nonprocessing_and_tampered_receipts_are_rejected (crm.tests.test_outbox_delivery.TestOutboxDeliverySql.test_http_flag_only_nonprocessing_and_tampered_receipts_are_rejected) ... ok
test_lost_human_authority_does_not_erase_provider_delivery (crm.tests.test_outbox_delivery.TestOutboxDeliverySql.test_lost_human_authority_does_not_erase_provider_delivery) ... ok
test_mismatched_entry_or_scoped_account_cannot_grant_legacy_absence_success (crm.tests.test_outbox_delivery.TestOutboxDeliverySql.test_mismatched_entry_or_scoped_account_cannot_grant_legacy_absence_success) ... ok
test_outer_rollback_preserves_previous_work_and_reverts_delivery (crm.tests.test_outbox_delivery.TestOutboxDeliverySql.test_outer_rollback_preserves_previous_work_and_reverts_delivery) ... ok
test_pending_unknown_without_id_never_correlates_by_body_or_time (crm.tests.test_outbox_delivery.TestOutboxDeliverySql.test_pending_unknown_without_id_never_correlates_by_body_or_time) ... ok
test_processing_without_attempt_or_live_lease_is_not_worker_authority (crm.tests.test_outbox_delivery.TestOutboxDeliverySql.test_processing_without_attempt_or_live_lease_is_not_worker_authority) ... ok
test_read_before_delivered_preserves_stronger_evidence_without_inventing_time (crm.tests.test_outbox_delivery.TestOutboxDeliverySql.test_read_before_delivered_preserves_stronger_evidence_without_inventing_time) ... ok
test_real_wa_bridge_validates_and_folds_without_existing_legacy_row (crm.tests.test_outbox_delivery.TestOutboxDeliverySql.test_real_wa_bridge_validates_and_folds_without_existing_legacy_row) ... ok
test_same_status_duplicate_is_idempotent_without_new_state_log_entry (crm.tests.test_outbox_delivery.TestOutboxDeliverySql.test_same_status_duplicate_is_idempotent_without_new_state_log_entry) ... ok
test_signed_guest_receipt_updates_native_intent_without_legacy_message (crm.tests.test_outbox_delivery.TestOutboxDeliverySql.test_signed_guest_receipt_updates_native_intent_without_legacy_message) ... ok
test_caller_changed_receipt_cannot_replace_durable_atom (frappe_whatsapp.frappe_whatsapp.tests.test_customer_activity.TestCustomerActivity.test_caller_changed_receipt_cannot_replace_durable_atom) ... ok
test_core_failure_propagates_to_outer_receipt_without_rollback (frappe_whatsapp.frappe_whatsapp.tests.test_customer_activity.TestCustomerActivity.test_core_failure_propagates_to_outer_receipt_without_rollback) ... ok
test_exact_provider_timestamp_and_receipt_forwarded_without_content (frappe_whatsapp.frappe_whatsapp.tests.test_customer_activity.TestCustomerActivity.test_exact_provider_timestamp_and_receipt_forwarded_without_content) ... ok
test_generic_replay_flag_does_not_suppress_trusted_customer_reply (frappe_whatsapp.frappe_whatsapp.tests.test_customer_activity.TestCustomerActivity.test_generic_replay_flag_does_not_suppress_trusted_customer_reply) ... ok
test_history_echo_and_nonprocessing_receipt_are_rejected (frappe_whatsapp.frappe_whatsapp.tests.test_customer_activity.TestCustomerActivity.test_history_echo_and_nonprocessing_receipt_are_rejected) ... ok
test_http_or_forged_worker_context_denied_before_storage_or_core (frappe_whatsapp.frappe_whatsapp.tests.test_customer_activity.TestCustomerActivity.test_http_or_forged_worker_context_denied_before_storage_or_core) ... ok
test_integer_provider_seconds_are_supported_without_receipt_time_substitution (frappe_whatsapp.frappe_whatsapp.tests.test_customer_activity.TestCustomerActivity.test_integer_provider_seconds_are_supported_without_receipt_time_substitution) ... ok
test_later_invalid_sibling_and_mixed_atom_cannot_reach_control (frappe_whatsapp.frappe_whatsapp.tests.test_customer_activity.TestCustomerActivity.test_later_invalid_sibling_and_mixed_atom_cannot_reach_control) ... ok
test_missing_core_schema_preserves_raw_intake_without_claiming_hold (frappe_whatsapp.frappe_whatsapp.tests.test_customer_activity.TestCustomerActivity.test_missing_core_schema_preserves_raw_intake_without_claiming_hold) ... ok
test_missing_millisecond_bool_and_noncanonical_timestamp_rejected (frappe_whatsapp.frappe_whatsapp.tests.test_customer_activity.TestCustomerActivity.test_missing_millisecond_bool_and_noncanonical_timestamp_rejected) ... ok
test_non_numeric_peer_and_account_are_rejected_without_normalization (frappe_whatsapp.frappe_whatsapp.tests.test_customer_activity.TestCustomerActivity.test_non_numeric_peer_and_account_are_rejected_without_normalization) ... ok
test_processing_without_actual_attempt_or_live_lease_is_denied (frappe_whatsapp.frappe_whatsapp.tests.test_customer_activity.TestCustomerActivity.test_processing_without_actual_attempt_or_live_lease_is_denied) ... ok
test_scope_app_business_change_or_multiple_accounts_is_rejected (frappe_whatsapp.frappe_whatsapp.tests.test_customer_activity.TestCustomerActivity.test_scope_app_business_change_or_multiple_accounts_is_rejected) ... ok
test_absent_crm_or_native_schema_leaves_legacy_folding_available (frappe_whatsapp.frappe_whatsapp.tests.test_delivery.TestDeliveryBridge.test_absent_crm_or_native_schema_leaves_legacy_folding_available) ... ok
test_actual_receipt_and_scope_are_passed_to_core_before_legacy_lookup (frappe_whatsapp.frappe_whatsapp.tests.test_delivery.TestDeliveryBridge.test_actual_receipt_and_scope_are_passed_to_core_before_legacy_lookup) ... ok
test_ambiguous_account_list_never_reaches_core (frappe_whatsapp.frappe_whatsapp.tests.test_delivery.TestDeliveryBridge.test_ambiguous_account_list_never_reaches_core) ... ok
test_changed_status_id_peer_or_timestamp_cannot_grant_missing_wm_success (frappe_whatsapp.frappe_whatsapp.tests.test_delivery.TestDeliveryBridge.test_changed_status_id_peer_or_timestamp_cannot_grant_missing_wm_success) ... ok
test_core_failure_propagates_without_commit_or_rollback (frappe_whatsapp.frappe_whatsapp.tests.test_delivery.TestDeliveryBridge.test_core_failure_propagates_without_commit_or_rollback) ... ok
test_missing_target_does_not_claim_legacy_status_success (frappe_whatsapp.frappe_whatsapp.tests.test_delivery.TestDeliveryBridge.test_missing_target_does_not_claim_legacy_status_success) ... ok
test_no_http_or_flag_only_authority (frappe_whatsapp.frappe_whatsapp.tests.test_delivery.TestDeliveryBridge.test_no_http_or_flag_only_authority) ... ok
test_nonprocessing_wrong_event_and_tampered_receipt_are_denied (frappe_whatsapp.frappe_whatsapp.tests.test_delivery.TestDeliveryBridge.test_nonprocessing_wrong_event_and_tampered_receipt_are_denied) ... ok
test_processing_flag_without_live_attempt_cannot_grant_delivery (frappe_whatsapp.frappe_whatsapp.tests.test_delivery.TestDeliveryBridge.test_processing_flag_without_live_attempt_cannot_grant_delivery) ... ok
test_actual_worker_projects_inbound_and_holds_bot_in_one_completion (frappe_whatsapp.frappe_whatsapp.tests.test_receipt_pipeline.TestReceiptPipelineSql.test_actual_worker_projects_inbound_and_holds_bot_in_one_completion) ... ok
test_domain_failure_rolls_back_hold_and_message_but_keeps_receipt_and_prior_work (frappe_whatsapp.frappe_whatsapp.tests.test_receipt_pipeline.TestReceiptPipelineSql.test_domain_failure_rolls_back_hold_and_message_but_keeps_receipt_and_prior_work) ... ok
test_full_batch_retains_every_atom_across_independent_domain_failures (frappe_whatsapp.frappe_whatsapp.tests.test_receipt_pipeline.TestReceiptPipelineSql.test_full_batch_retains_every_atom_across_independent_domain_failures) ... ok
test_legacy_failure_rolls_back_native_delivery_in_the_same_worker (frappe_whatsapp.frappe_whatsapp.tests.test_receipt_pipeline.TestReceiptPipelineSql.test_legacy_failure_rolls_back_native_delivery_in_the_same_worker) ... ok
test_missing_target_stays_failed_then_same_receipt_retries_after_native_target_exists (frappe_whatsapp.frappe_whatsapp.tests.test_receipt_pipeline.TestReceiptPipelineSql.test_missing_target_stays_failed_then_same_receipt_retries_after_native_target_exists) ... ok
test_native_only_delivery_satisfies_missing_legacy_row (frappe_whatsapp.frappe_whatsapp.tests.test_receipt_pipeline.TestReceiptPipelineSql.test_native_only_delivery_satisfies_missing_legacy_row) ... ok
test_processed_redelivery_preserves_one_projection_and_does_not_consume_again (frappe_whatsapp.frappe_whatsapp.tests.test_receipt_pipeline.TestReceiptPipelineSql.test_processed_redelivery_preserves_one_projection_and_does_not_consume_again) ... ok
test_verified_recipient_updates_only_exact_legacy_row_and_native_intent (frappe_whatsapp.frappe_whatsapp.tests.test_receipt_pipeline.TestReceiptPipelineSql.test_verified_recipient_updates_only_exact_legacy_row_and_native_intent) ... ok
test_wrong_peer_legacy_row_cannot_satisfy_missing_native_target (frappe_whatsapp.frappe_whatsapp.tests.test_receipt_pipeline.TestReceiptPipelineSql.test_wrong_peer_legacy_row_cannot_satisfy_missing_native_target) ... ok

----------------------------------------------------------------------
Ran 219 tests in 3.337s

OK
